
**** Build of configuration Debug for project hello_sevseg ****

make all 
Building file: ../src/helloworld.c
Invoking: MicroBlaze gcc compiler
mb-gcc -Wall -O0 -g3 -c -fmessage-length=0 -Wl,--no-relax -I../../hello_sevseg_bsp_0/microblaze_0/include -mxl-barrel-shift -mxl-pattern-compare -mcpu=v8.40.a -mno-xl-soft-mul -MMD -MP -MF"src/helloworld.d" -MT"src/helloworld.d" -o"src/helloworld.o" "../src/helloworld.c"
Finished building: ../src/helloworld.c
' '
Building target: hello_sevseg.elf
Invoking: MicroBlaze gcc linker
mb-gcc -Wl,--no-relax -Wl,-T -Wl,../src/lscript.ld -L../../hello_sevseg_bsp_0/microblaze_0/lib -mxl-barrel-shift -mxl-pattern-compare -mcpu=v8.40.a -mno-xl-soft-mul -o"hello_sevseg.elf"  ./src/helloworld.o ./src/platform.o   -Wl,--start-group,-lxil,-lgcc,-lc,--end-group
Finished building target: hello_sevseg.elf
' '
Invoking: MicroBlaze Print Size
mb-size hello_sevseg.elf  |tee "hello_sevseg.elf.size"
   text	   data	    bss	    dec	    hex	filename
   6854	    296	   6208	  13358	   342e	hello_sevseg.elf
Finished building: hello_sevseg.elf.size
' '
Invoking: Xilinx ELF Check
elfcheck hello_sevseg.elf -hw ../../ps2_keyboard_hw_platform/system.xml -pe microblaze_0  |tee "hello_sevseg.elf.elfcheck"
elfcheck
Xilinx EDK 14.2 Build EDK_P.28xd
Copyright (c) 1995-2012 Xilinx, Inc.  All rights reserved.

Command Line: elfcheck -hw ../../ps2_keyboard_hw_platform/system.xml -pe
microblaze_0 hello_sevseg.elf 

ELF file	: hello_sevseg.elf
elfcheck passed.
Finished building: hello_sevseg.elf.elfcheck
' '
